
  [39;41;1m FAIL [39;49;22m[39m Tests\Feature\WelcomeChatAdminTest[39m
  [31;1m⨯[39;22m[90m [39m[90mit chat_admin on a product page redirects a signed-in customer to the messages inbox[39m[90m                        [39m [90m9.57s[39m  
  [31;1m⨯[39;22m[90m [39m[90mit chat_admin on a package page redirects a signed-in customer to messages[39m[90m                                  [39m [90m0.35s[39m  
  [31;1m⨯[39;22m[90m [39m[90mit chat_admin sends the product context card as a meta message[39m[90m                                              [39m [90m0.34s[39m  
  [31;1m⨯[39;22m[90m [39m[90mit chat_admin sends the package context card as a meta message[39m[90m                                              [39m [90m0.31s[39m  
  [32;1m✓[39;22m[90m [39m[90mit chat_admin shows a warning when no admin user exists[39m[90m                                                     [39m [90m0.32s[39m  
  [31;1m⨯[39;22m[90m [39m[90mit chat_admin works for a guest via GuestIdentity[39m[90m                                                           [39m [90m0.26s[39m  
  [31;1m⨯[39;22m[90m [39m[90mit wishlist_detail adds the product to the wishlist for a signed-in customer[39m[90m                                [39m [90m0.30s[39m  
  [31;1m⨯[39;22m[90m [39m[90mit wishlist_detail removes the product from the wishlist when already saved[39m[90m                                 [39m [90m0.33s[39m  
  [31;1m⨯[39;22m[90m [39m[90mit wishlist_detail adds the package to the wishlist[39m[90m                                                         [39m [90m0.29s[39m  
  [31;1m⨯[39;22m[90m [39m[90mit wishlist_detail removes the package from the wishlist when already saved[39m[90m                                 [39m [90m0.29s[39m  
  [31;1m⨯[39;22m[90m [39m[90mit wishlist_detail redirects a guest to login without throwing 419[39m[90m                                          [39m [90m0.30s[39m  
  [31;1m⨯[39;22m[90m [39m[90mit wishlist_detail for package redirects a guest to login[39m[90m                                                   [39m [90m0.30s[39m  
  [31;1m⨯[39;22m[90m [39m[90mit double wishlist add only creates one row[39m[90m                                                                 [39m [90m0.37s[39m  
  [31m────────────────────────────────────────────────────────────────────────────────────────────────────────────────────[39m  
  [41;1m FAILED [49;22m [1mTests\Feature\WelcomeChatAdminTest[22m [90m>[39m it chat_admin on a product page redirects a signed-in customer to th…   
[39;1m  Component did not perform a redirect.
Failed asserting that an array has the key 'redirect'.[39;22m

  at [32mvendor\livewire\livewire\src\Features\SupportRedirects\TestsRedirects.php[39m:[32m23[39m
     19▕ 
     20▕             return $this;
     21▕         }
     22▕ 
  ➜  23▕         PHPUnit::assertArrayHasKey(
     24▕             'redirect',
     25▕             $this->effects,
     26▕             'Component did not perform a redirect.'
     27▕         );

  [33m1   [39m[39;1mvendor\livewire\livewire\src\Features\SupportRedirects\TestsRedirects.php[39;22m:[39;1m23[39;22m
  [33m2   [39m[39;1mtests\Feature\WelcomeChatAdminTest.php[39;22m:[39;1m62[39;22m

  [31m────────────────────────────────────────────────────────────────────────────────────────────────────────────────────[39m  
  [41;1m FAILED [49;22m [1mTests\Feature\WelcomeChatAdminTest[22m [90m>[39m it chat_admin on a package page redirects a signed-in customer to me…   
[39;1m  Component did not perform a redirect.
Failed asserting that an array has the key 'redirect'.[39;22m

  at [32mvendor\livewire\livewire\src\Features\SupportRedirects\TestsRedirects.php[39m:[32m23[39m
     19▕ 
     20▕             return $this;
     21▕         }
     22▕ 
  ➜  23▕         PHPUnit::assertArrayHasKey(
     24▕             'redirect',
     25▕             $this->effects,
     26▕             'Component did not perform a redirect.'
     27▕         );

  [33m1   [39m[39;1mvendor\livewire\livewire\src\Features\SupportRedirects\TestsRedirects.php[39;22m:[39;1m23[39;22m
  [33m2   [39m[39;1mtests\Feature\WelcomeChatAdminTest.php[39;22m:[39;1m82[39;22m

  [31m────────────────────────────────────────────────────────────────────────────────────────────────────────────────────[39m  
  [41;1m FAILED [49;22m [1mTests\Feature\WelcomeChatAdminTest[22m [90m>[39m it chat_admin sends the product context card as a meta message          
[39;1m  Expecting null not to be null .[39;22m

  at [32mtests\Feature\WelcomeChatAdminTest.php[39m:[32m98[39m
     94▕ 
     95▕     $inbox   = Inbox::latest()->first();
     96▕     $message = $inbox?->messages()->latest()->first();
     97▕ 
  ➜  98▕     expect($message)->not->toBeNull()
     99▕         ->and($message->meta['type'])->toBe('product')
    100▕         ->and($message->meta['id'])->toBe($this->product->id)
    101▕         ->and($message->meta['name'])->toBe('Bunga Mawar Test');
    102▕ });

  [33m1   [39m[39;1mtests\Feature\WelcomeChatAdminTest.php[39;22m:[39;1m98[39;22m

  [31m────────────────────────────────────────────────────────────────────────────────────────────────────────────────────[39m  
  [41;1m FAILED [49;22m [1mTests\Feature\WelcomeChatAdminTest[22m [90m>[39m it chat_admin sends the package context card as a meta message          
[39;1m  Expecting null not to be null .[39;22m

  at [32mtests\Feature\WelcomeChatAdminTest.php[39m:[32m113[39m
    109▕ 
    110▕     $inbox   = Inbox::latest()->first();
    111▕     $message = $inbox?->messages()->latest()->first();
    112▕ 
  ➜ 113▕     expect($message)->not->toBeNull()
    114▕         ->and($message->meta['type'])->toBe('package')
    115▕         ->and($message->meta['id'])->toBe($this->package->id);
    116▕ });
    117▕

  [33m1   [39m[39;1mtests\Feature\WelcomeChatAdminTest.php[39;22m:[39;1m113[39;22m

  [31m────────────────────────────────────────────────────────────────────────────────────────────────────────────────────[39m  
  [41;1m FAILED [49;22m [1mTests\Feature\WelcomeChatAdminTest[22m [90m>[39m it chat_admin works for a guest via GuestIdentity                       
[39;1m  Component did not perform a redirect.
Failed asserting that an array has the key 'redirect'.[39;22m

  at [32mvendor\livewire\livewire\src\Features\SupportRedirects\TestsRedirects.php[39m:[32m23[39m
     19▕ 
     20▕             return $this;
     21▕         }
     22▕ 
  ➜  23▕         PHPUnit::assertArrayHasKey(
     24▕             'redirect',
     25▕             $this->effects,
     26▕             'Component did not perform a redirect.'
     27▕         );

  [33m1   [39m[39;1mvendor\livewire\livewire\src\Features\SupportRedirects\TestsRedirects.php[39;22m:[39;1m23[39;22m
  [33m2   [39m[39;1mtests\Feature\WelcomeChatAdminTest.php[39;22m:[39;1m137[39;22m

  [31m────────────────────────────────────────────────────────────────────────────────────────────────────────────────────[39m  
  [41;1m FAILED [49;22m [1mTests\Feature\WelcomeChatAdminTest[22m [90m>[39m it wishlist_detail adds the product to the wishlist for a signed-in…    
[39;1m  Failed asserting that a row in the table [wishlists] matches the attributes {
    "user_id": 14,
    "product_id": 7
}.

The table is empty.[39;22m

  at [32mtests\Feature\WelcomeChatAdminTest.php[39m:[32m158[39m
    154▕ 
    155▕     Livewire::test(ViewProduct::class, ['record' => $this->product->getKey()])
    156▕         ->call('mountInfolistAction', 'wishlist_detail');
    157▕ 
  ➜ 158▕     $this->assertDatabaseHas('wishlists', [
    159▕         'user_id'    => $this->customer->id,
    160▕         'product_id' => $this->product->id,
    161▕     ]);
    162▕ });

  [31m────────────────────────────────────────────────────────────────────────────────────────────────────────────────────[39m  
  [41;1m FAILED [49;22m [1mTests\Feature\WelcomeChatAdminTest[22m [90m>[39m it wishlist_detail removes the product from the wishlist when alread…   
[39;1m  Failed asserting that a row in the table [wishlists] does not match the attributes {
    "user_id": 16,
    "product_id": 8
}.

Found similar results: [
    {
        "user_id": 16,
        "product_id": 8
    }
].[39;22m

  at [32mtests\Feature\WelcomeChatAdminTest.php[39m:[32m176[39m
    172▕ 
    173▕     Livewire::test(ViewProduct::class, ['record' => $this->product->getKey()])
    174▕         ->call('mountInfolistAction', 'wishlist_detail');
    175▕ 
  ➜ 176▕     $this->assertDatabaseMissing('wishlists', [
    177▕         'user_id'    => $this->customer->id,
    178▕         'product_id' => $this->product->id,
    179▕     ]);
    180▕ });

  [31m────────────────────────────────────────────────────────────────────────────────────────────────────────────────────[39m  
  [41;1m FAILED [49;22m [1mTests\Feature\WelcomeChatAdminTest[22m [90m>[39m it wishlist_detail adds the package to the wishlist                     
[39;1m  Failed asserting that a row in the table [wishlists] matches the attributes {
    "user_id": 18,
    "package_id": 9
}.

The table is empty.[39;22m

  at [32mtests\Feature\WelcomeChatAdminTest.php[39m:[32m192[39m
    188▕ 
    189▕     Livewire::test(ViewPackage::class, ['record' => $this->package->getKey()])
    190▕         ->call('mountInfolistAction', 'wishlist_detail');
    191▕ 
  ➜ 192▕     $this->assertDatabaseHas('wishlists', [
    193▕         'user_id'    => $this->customer->id,
    194▕         'package_id' => $this->package->id,
    195▕     ]);
    196▕ });

  [31m────────────────────────────────────────────────────────────────────────────────────────────────────────────────────[39m  
  [41;1m FAILED [49;22m [1mTests\Feature\WelcomeChatAdminTest[22m [90m>[39m it wishlist_detail removes the package from the wishlist when alread…   
[39;1m  Failed asserting that a row in the table [wishlists] does not match the attributes {
    "user_id": 20,
    "package_id": 10
}.

Found similar results: [
    {
        "user_id": 20,
        "package_id": 10
    }
].[39;22m

  at [32mtests\Feature\WelcomeChatAdminTest.php[39m:[32m209[39m
    205▕ 
    206▕     Livewire::test(ViewPackage::class, ['record' => $this->package->getKey()])
    207▕         ->call('mountInfolistAction', 'wishlist_detail');
    208▕ 
  ➜ 209▕     $this->assertDatabaseMissing('wishlists', [
    210▕         'user_id'    => $this->customer->id,
    211▕         'package_id' => $this->package->id,
    212▕     ]);
    213▕ });

  [31m────────────────────────────────────────────────────────────────────────────────────────────────────────────────────[39m  
  [41;1m FAILED [49;22m [1mTests\Feature\WelcomeChatAdminTest[22m [90m>[39m it wishlist_detail redirects a guest to login without throwing 419      
[39;1m  Component did not perform a redirect.
Failed asserting that an array has the key 'redirect'.[39;22m

  at [32mvendor\livewire\livewire\src\Features\SupportRedirects\TestsRedirects.php[39m:[32m23[39m
     19▕ 
     20▕             return $this;
     21▕         }
     22▕ 
  ➜  23▕         PHPUnit::assertArrayHasKey(
     24▕             'redirect',
     25▕             $this->effects,
     26▕             'Component did not perform a redirect.'
     27▕         );

  [33m1   [39m[39;1mvendor\livewire\livewire\src\Features\SupportRedirects\TestsRedirects.php[39;22m:[39;1m23[39;22m
  [33m2   [39m[39;1mtests\Feature\WelcomeChatAdminTest.php[39;22m:[39;1m223[39;22m

  [31m────────────────────────────────────────────────────────────────────────────────────────────────────────────────────[39m  
  [41;1m FAILED [49;22m [1mTests\Feature\WelcomeChatAdminTest[22m [90m>[39m it wishlist_detail for package redirects a guest to login               
[39;1m  Component did not perform a redirect.
Failed asserting that an array has the key 'redirect'.[39;22m

  at [32mvendor\livewire\livewire\src\Features\SupportRedirects\TestsRedirects.php[39m:[32m23[39m
     19▕ 
     20▕             return $this;
     21▕         }
     22▕ 
  ➜  23▕         PHPUnit::assertArrayHasKey(
     24▕             'redirect',
     25▕             $this->effects,
     26▕             'Component did not perform a redirect.'
     27▕         );

  [33m1   [39m[39;1mvendor\livewire\livewire\src\Features\SupportRedirects\TestsRedirects.php[39;22m:[39;1m23[39;22m
  [33m2   [39m[39;1mtests\Feature\WelcomeChatAdminTest.php[39;22m:[39;1m232[39;22m

  [31m────────────────────────────────────────────────────────────────────────────────────────────────────────────────────[39m  
  [41;1m FAILED [49;22m [1mTests\Feature\WelcomeChatAdminTest[22m [90m>[39m it double wishlist add only creates one row                             
[39;1m  Failed asserting that 0 is identical to 1.[39;22m

  at [32mtests\Feature\WelcomeChatAdminTest.php[39m:[32m252[39m
    248▕     $component->call('mountInfolistAction', 'wishlist_detail');
    249▕ 
    250▕     expect(Wishlist::where('user_id', $this->customer->id)
    251▕         ->where('product_id', $this->product->id)
  ➜ 252▕         ->count())->toBe(1);
    253▕ });
    254▕

  [33m1   [39m[39;1mtests\Feature\WelcomeChatAdminTest.php[39;22m:[39;1m252[39;22m


  [90mTests:[39m    [31;1m12 failed[39;22m[90m,[39m[39m [39m[32;1m1 passed[39;22m[90m (13 assertions)[39m
  [90mDuration:[39m [39m13.50s[39m

